// Jest Snapshot v1, https://goo.gl/fbAQLP

exports[`SnapShot test Testing Footer 1`] = `null`;
